achumi_et_al__2011
adams_1899
adams_1905b
adell_+_botella_1986
adrianov_et_al__2008
al-taweel_1986
alahiotis_+_goulielmos_1986
alahiotis_1980
alatossava_+_lakovaara_1981
alberola_+_frutos_1993b
albers_+_bijlsma_1986
albuquerque_+_napp_1980
alcorta_et_al__1986
alcorta_et_al__1987
aldrich_1915
